*** Using Compiler 'V5.06 update 7 (build 960)', folder: 'D:\Keil_v5\ARM\ARMCC\Bin'
Build target 'My_OV_Watch'
compiling em70x8.c...
compiling LSM303.c...
compiling rtc.c...
compiling KT6328.c...
compiling key.c...
compiling BL24C02.c...
compiling spi.c...
compiling AHT21.c...
compiling lcd_init.c...
compiling power.c...
compiling gpio.c...
compiling dma.c...
compiling DataSave.c...
compiling stm32f4xx_hal_msp.c...
compiling tim.c...
compiling stm32f4xx_it.c...
compiling lcd_fps_test.c...
compiling adc.c...
compiling mpu6050.c...
compiling CST816.c...
compiling usart.c...
compiling iic_hal.c...
compiling main.c...
compiling lcd.c...
compiling battery_page.c...
compiling notification_page.c...
compiling history_page.c...
compiling calculator_page.c...
compiling status_bar.c...
compiling battery_manager.c...
compiling delay.c...
compiling soft_timer.c...
compiling soft_timer_us.c...
compiling device_manager.c...
compiling sensor_pages.c...
compiling history_manager.c...
compiling ble_manager.c...
compiling power_manager.c...
compiling notification_manager.c...
compiling stopwatch_page.c...
compiling watch_face.c...
compiling menu_page.c...
compiling settings_page.c...
compiling app_ui.c...
compiling about_page.c...
compiling time_setting_page.c...
compiling lv_port_disp.c...
compiling lv_port_indev.c...
..\ThirdParty\LVGL\GUI\porting\lv_port_indev.c(140): warning:  #177-D: function "touchpad_is_pressed"  was declared but never referenced
  static bool touchpad_is_pressed(void)
..\ThirdParty\LVGL\GUI\porting\lv_port_indev.c(150): warning:  #177-D: function "touchpad_get_xy"  was declared but never referenced
  static void touchpad_get_xy(lv_coord_t * x, lv_coord_t * y)
..\ThirdParty\LVGL\GUI\porting\lv_port_indev.c: 2 warnings, 0 errors
compiling date_setting_page.c...
linking...
Program Size: Code=180876 RO-data=243972 RW-data=1352 ZI-data=110184  
FromELF: creating hex file...
"My_OV_Watch\My_OV_Watch.axf" - 0 Error(s), 2 Warning(s).
Build Time Elapsed:  00:00:07
