*** Using Compiler 'V5.06 update 7 (build 960)', folder: 'D:\Keil_v5\ARM\ARMCC\Bin'
Build target 'My_OV_Watch'
compiling calculator_page.c...
compiling stopwatch_page.c...
compiling sensor_pages.c...
compiling ble_manager.c...
compiling device_manager.c...
compiling control_center_page.c...
compiling settings_page.c...
compiling app_ui.c...
compiling menu_page.c...
compiling about_page.c...
compiling main.c...
compiling date_setting_page.c...
compiling time_setting_page.c...
compiling watch_face.c...
linking...
Program Size: Code=186276 RO-data=244052 RW-data=1408 ZI-data=110184  
FromELF: creating hex file...
"My_OV_Watch\My_OV_Watch.axf" - 0 Error(s), 0 Warning(s).
Build Time Elapsed:  00:00:05
