*** Using Compiler 'V5.06 update 7 (build 960)', folder: 'D:\Keil_v5\ARM\ARMCC\Bin'
Build target 'My_OV_Watch'
compiling notification_page.c...
compiling history_page.c...
compiling status_bar.c...
compiling LSM303.c...
compiling lcd_init.c...
compiling mpu6050.c...
compiling sensor_pages.c...
compiling lcd.c...
compiling ble_manager.c...
compiling notification_manager.c...
compiling AHT21.c...
compiling history_manager.c...
compiling device_manager.c...
compiling time_setting_page.c...
compiling settings_page.c...
compiling menu_page.c...
compiling date_setting_page.c...
compiling app_ui.c...
compiling watch_face.c...
linking...
Program Size: Code=180876 RO-data=243972 RW-data=1352 ZI-data=110184  
FromELF: creating hex file...
"My_OV_Watch\My_OV_Watch.axf" - 0 Error(s), 0 Warning(s).
Build Time Elapsed:  00:00:05
